// Jest Snapshot v1, https://goo.gl/fbAQLP

exports[`C# metric tests parsing C# dependencies should calculate the right dependencies and coupling metrics 1`] = `
Object {
  "metrics": Map {
    "BlubController.cs" => Object {
      "coupling_between_objects": 8,
      "incoming_dependencies": 7,
      "instability": 0.125,
      "outgoing_dependencies": 1,
    },
    "Library\\\\FunctionCalls.cs" => Object {
      "coupling_between_objects": 6,
      "incoming_dependencies": 2,
      "instability": 0.6666666666666666,
      "outgoing_dependencies": 4,
    },
    "Library\\\\IAnotherParameterTypes.cs" => Object {
      "coupling_between_objects": 1,
      "incoming_dependencies": 1,
      "instability": 0,
      "outgoing_dependencies": 0,
    },
    "Library\\\\IParameterTypes.cs" => Object {
      "coupling_between_objects": 3,
      "incoming_dependencies": 2,
      "instability": 0.3333333333333333,
      "outgoing_dependencies": 1,
    },
    "Library\\\\MyCustomArgumentNullException.cs" => Object {
      "coupling_between_objects": 1,
      "incoming_dependencies": 1,
      "instability": 0,
      "outgoing_dependencies": 0,
    },
    "Library\\\\ObjectCreations.cs" => Object {
      "coupling_between_objects": 8,
      "incoming_dependencies": 1,
      "instability": 0.875,
      "outgoing_dependencies": 7,
    },
    "Library\\\\ParameterTypes.cs" => Object {
      "coupling_between_objects": 5,
      "incoming_dependencies": 3,
      "instability": 0.4,
      "outgoing_dependencies": 2,
    },
    "Library\\\\ParameterTypesSpecialized.cs" => Object {
      "coupling_between_objects": 2,
      "incoming_dependencies": 0,
      "instability": 1,
      "outgoing_dependencies": 2,
    },
  },
  "relationships": Array [
    Object {
      "fromClassName": "FunctionCalls",
      "fromNamespace": "App.CouplingExamples.Library.ParameterTypes",
      "fromSource": "Library\\\\ParameterTypes.cs",
      "toClassName": "FunctionCalls",
      "toNamespace": "App.CouplingExamples.Library.FunctionCalls",
      "toSource": "Library\\\\FunctionCalls.cs",
      "usageType": "usage",
    },
    Object {
      "fromClassName": "FunctionCalls",
      "fromNamespace": "App.CouplingExamplesOne.BlubControllerOne1",
      "fromSource": "BlubController.cs",
      "toClassName": "FunctionCalls",
      "toNamespace": "App.CouplingExamples.Library.FunctionCalls",
      "toSource": "Library\\\\FunctionCalls.cs",
      "usageType": "usage",
    },
    Object {
      "fromClassName": "IAnotherParameterTypes",
      "fromNamespace": "App.CouplingExamples.Library.IParameterTypes",
      "fromSource": "Library\\\\IParameterTypes.cs",
      "toClassName": "IAnotherParameterTypes",
      "toNamespace": "App.CouplingExamples.Library.IAnotherParameterTypes",
      "toSource": "Library\\\\IAnotherParameterTypes.cs",
      "usageType": "implements",
    },
    Object {
      "fromClassName": "IParameterTypes",
      "fromNamespace": "App.CouplingExamples.Library.ObjectCreations",
      "fromSource": "Library\\\\ObjectCreations.cs",
      "toClassName": "IParameterTypes",
      "toNamespace": "App.CouplingExamples.Library.IParameterTypes",
      "toSource": "Library\\\\IParameterTypes.cs",
      "usageType": "usage",
    },
    Object {
      "fromClassName": "IParameterTypes",
      "fromNamespace": "App.CouplingExamples.Library.ParameterTypesSpecialized",
      "fromSource": "Library\\\\ParameterTypesSpecialized.cs",
      "toClassName": "IParameterTypes",
      "toNamespace": "App.CouplingExamples.Library.IParameterTypes",
      "toSource": "Library\\\\IParameterTypes.cs",
      "usageType": "implements",
    },
    Object {
      "fromClassName": "MyCustomArgumentNullException",
      "fromNamespace": "App.CouplingExamples.Library.ObjectCreations",
      "fromSource": "Library\\\\ObjectCreations.cs",
      "toClassName": "MyCustomArgumentNullException",
      "toNamespace": "App.CouplingExamples.Library.MyCustomArgumentNullException",
      "toSource": "Library\\\\MyCustomArgumentNullException.cs",
      "usageType": "usage",
    },
    Object {
      "fromClassName": "ObjectCreations",
      "fromNamespace": "App.CouplingExamples.Library.ParameterTypes",
      "fromSource": "Library\\\\ParameterTypes.cs",
      "toClassName": "ObjectCreations",
      "toNamespace": "App.CouplingExamples.Library.ObjectCreations",
      "toSource": "Library\\\\ObjectCreations.cs",
      "usageType": "usage",
    },
    Object {
      "fromClassName": "ParameterTypes",
      "fromNamespace": "App.CouplingExamples.Library.FunctionCalls",
      "fromSource": "Library\\\\FunctionCalls.cs",
      "toClassName": "ParameterTypes",
      "toNamespace": "App.CouplingExamples.Library.ParameterTypes",
      "toSource": "Library\\\\ParameterTypes.cs",
      "usageType": "usage",
    },
    Object {
      "fromClassName": "ParameterTypes",
      "fromNamespace": "App.CouplingExamples.Library.ObjectCreations",
      "fromSource": "Library\\\\ObjectCreations.cs",
      "toClassName": "ParameterTypes",
      "toNamespace": "App.CouplingExamples.Library.ParameterTypes",
      "toSource": "Library\\\\ParameterTypes.cs",
      "usageType": "usage",
    },
    Object {
      "fromClassName": "ParameterTypes",
      "fromNamespace": "App.CouplingExamples.Library.ParameterTypesSpecialized",
      "fromSource": "Library\\\\ParameterTypesSpecialized.cs",
      "toClassName": "ParameterTypes",
      "toNamespace": "App.CouplingExamples.Library.ParameterTypes",
      "toSource": "Library\\\\ParameterTypes.cs",
      "usageType": "extends",
    },
    Object {
      "fromClassName": "BlubControllerOne1",
      "fromNamespace": "App.CouplingExamples.Library.FunctionCalls",
      "fromSource": "Library\\\\FunctionCalls.cs",
      "toClassName": "BlubControllerOne1",
      "toNamespace": "App.CouplingExamplesOne.BlubControllerOne1",
      "toSource": "BlubController.cs",
      "usageType": "usage",
    },
    Object {
      "fromClassName": "BlubControllerOne1",
      "fromNamespace": "App.CouplingExamples.Library.ObjectCreations",
      "fromSource": "Library\\\\ObjectCreations.cs",
      "toClassName": "BlubControllerOne1",
      "toNamespace": "App.CouplingExamplesOne.BlubControllerOne1",
      "toSource": "BlubController.cs",
      "usageType": "usage",
    },
    Object {
      "fromClassName": "BlubControllerOne2",
      "fromNamespace": "App.CouplingExamples.Library.FunctionCalls",
      "fromSource": "Library\\\\FunctionCalls.cs",
      "toClassName": "BlubControllerOne2",
      "toNamespace": "App.CouplingExamplesOne.BlubControllerOne2",
      "toSource": "BlubController.cs",
      "usageType": "usage",
    },
    Object {
      "fromClassName": "BlubControllerOne2",
      "fromNamespace": "App.CouplingExamples.Library.ObjectCreations",
      "fromSource": "Library\\\\ObjectCreations.cs",
      "toClassName": "BlubControllerOne2",
      "toNamespace": "App.CouplingExamplesOne.BlubControllerOne2",
      "toSource": "BlubController.cs",
      "usageType": "usage",
    },
    Object {
      "fromClassName": "BlubControllerTwo1",
      "fromNamespace": "App.CouplingExamples.Library.FunctionCalls",
      "fromSource": "Library\\\\FunctionCalls.cs",
      "toClassName": "BlubControllerTwo1",
      "toNamespace": "App.CouplingExamplesTwo.BlubControllerTwo1",
      "toSource": "BlubController.cs",
      "usageType": "usage",
    },
    Object {
      "fromClassName": "BlubControllerTwo1",
      "fromNamespace": "App.CouplingExamples.Library.ObjectCreations",
      "fromSource": "Library\\\\ObjectCreations.cs",
      "toClassName": "BlubControllerTwo1",
      "toNamespace": "App.CouplingExamplesTwo.BlubControllerTwo1",
      "toSource": "BlubController.cs",
      "usageType": "usage",
    },
    Object {
      "fromClassName": "BlubControllerTwo2",
      "fromNamespace": "App.CouplingExamples.Library.ObjectCreations",
      "fromSource": "Library\\\\ObjectCreations.cs",
      "toClassName": "BlubControllerTwo2",
      "toNamespace": "App.CouplingExamplesTwo.BlubControllerTwo2",
      "toSource": "BlubController.cs",
      "usageType": "usage",
    },
  ],
}
`;
